// Jest Snapshot v1, https://goo.gl/fbAQLP

exports[`Booking Page Component Testing take snapshot 1`] = `
<div
  style="outline: none;"
  tabindex="-1"
>
  <div>
    <div>
      TopBar Component
    </div>
  </div>
</div>
`;
